Flow report for TP2
Sat Jun 22 08:23:33 2019
Quartus Prime Version 18.1.0 Build 625 09/12/2018 SJ Lite Edition


---------------------
; Table of Contents ;
---------------------
  1. Legal Notice
  2. Flow Summary
  3. Flow Settings
  4. Flow Non-Default Global Settings
  5. Flow Elapsed Time
  6. Flow OS Summary
  7. Flow Log
  8. Flow Messages
  9. Flow Suppressed Messages



----------------
; Legal Notice ;
----------------
Copyright (C) 2018  Intel Corporation. All rights reserved.
Your use of Intel Corporation's design tools, logic functions 
and other software and tools, and its AMPP partner logic 
functions, and any output files from any of the foregoing 
(including device programming or simulation files), and any 
associated documentation or information are expressly subject 
to the terms and conditions of the Intel Program License 
Subscription Agreement, the Intel Quartus Prime License Agreement,
the Intel FPGA IP License Agreement, or other applicable license
agreement, including, without limitation, that your use is for
the sole purpose of programming logic devices manufactured by
Intel and sold by Intel or its authorized distributors.  Please
refer to the applicable agreement for further details.



+----------------------------------------------------------------------------------+
; Flow Summary                                                                     ;
+------------------------------------+---------------------------------------------+
; Flow Status                        ; Successful - Sat Jun 22 08:23:33 2019       ;
; Quartus Prime Version              ; 18.1.0 Build 625 09/12/2018 SJ Lite Edition ;
; Revision Name                      ; TP2                                         ;
; Top-level Entity Name              ; main                                        ;
; Family                             ; Cyclone IV E                                ;
; Device                             ; EP4CE22F17C6                                ;
; Timing Models                      ; Final                                       ;
; Total logic elements               ; 1,927                                       ;
;     Total combinational functions  ; 1,293                                       ;
;     Dedicated logic registers      ; 749                                         ;
; Total registers                    ; 749                                         ;
; Total pins                         ; 163                                         ;
; Total virtual pins                 ; 0                                           ;
; Total memory bits                  ; 53,120                                      ;
; Embedded Multiplier 9-bit elements ; 0                                           ;
; Total PLLs                         ; 0                                           ;
+------------------------------------+---------------------------------------------+


+-----------------------------------------+
; Flow Settings                           ;
+-------------------+---------------------+
; Option            ; Setting             ;
+-------------------+---------------------+
; Start date & time ; 06/22/2019 08:17:45 ;
; Main task         ; Compilation         ;
; Revision Name     ; TP2                 ;
+-------------------+---------------------+


+-------------------------------------------------------------------------------------------------------------------------+
; Flow Non-Default Global Settings                                                                                        ;
+-------------------------------------+----------------------------------------+---------------+-------------+------------+
; Assignment Name                     ; Value                                  ; Default Value ; Entity Name ; Section Id ;
+-------------------------------------+----------------------------------------+---------------+-------------+------------+
; COMPILER_SIGNATURE_ID               ; 172269383750633.156118426502412        ; --            ; --          ; --         ;
; MAX_CORE_JUNCTION_TEMP              ; 85                                     ; --            ; --          ; --         ;
; MIN_CORE_JUNCTION_TEMP              ; 0                                      ; --            ; --          ; --         ;
; MISC_FILE                           ; REGISTER_BANK/lpm_decode0.bsf          ; --            ; --          ; --         ;
; MISC_FILE                           ; REGISTER_BANK/lpm_decode0.cmp          ; --            ; --          ; --         ;
; MISC_FILE                           ; lpm_mux1.bsf                           ; --            ; --          ; --         ;
; MISC_FILE                           ; lpm_mux1.cmp                           ; --            ; --          ; --         ;
; MISC_FILE                           ; mux_2in_16b.bsf                        ; --            ; --          ; --         ;
; MISC_FILE                           ; mux_2in_16b_bb.v                       ; --            ; --          ; --         ;
; MISC_FILE                           ; PC_counter.bsf                         ; --            ; --          ; --         ;
; MISC_FILE                           ; PC_counter_bb.v                        ; --            ; --          ; --         ;
; MISC_FILE                           ; ROM_program.bsf                        ; --            ; --          ; --         ;
; MISC_FILE                           ; ROM_program_bb.v                       ; --            ; --          ; --         ;
; MISC_FILE                           ; X_mux_Y.bsf                            ; --            ; --          ; --         ;
; MISC_FILE                           ; X_mux_Y_bb.v                           ; --            ; --          ; --         ;
; MISC_FILE                           ; INSTRUCTION_decoder.bsf                ; --            ; --          ; --         ;
; MISC_FILE                           ; INSTRUCTION_decoder_bb.v               ; --            ; --          ; --         ;
; MISC_FILE                           ; XY_inMUX.bsf                           ; --            ; --          ; --         ;
; MISC_FILE                           ; XY_inMUX_bb.v                          ; --            ; --          ; --         ;
; MISC_FILE                           ; PIPELINE/BLOQUE1_MUX.bsf               ; --            ; --          ; --         ;
; MISC_FILE                           ; PIPELINE/BLOQUE1_MUX_bb.v              ; --            ; --          ; --         ;
; MISC_FILE                           ; PIPELINE/UC2_decoder.bsf               ; --            ; --          ; --         ;
; MISC_FILE                           ; PIPELINE/UC2_decoder_bb.v              ; --            ; --          ; --         ;
; MISC_FILE                           ; REGISTER_BANK/BUS_MUX.bsf              ; --            ; --          ; --         ;
; MISC_FILE                           ; REGISTER_BANK/BUS_MUX_bb.v             ; --            ; --          ; --         ;
; MISC_FILE                           ; ALU/mux_carry.bsf                      ; --            ; --          ; --         ;
; MISC_FILE                           ; ALU/mux_carry_bb.v                     ; --            ; --          ; --         ;
; MISC_FILE                           ; ALU/adderCarry.bsf                     ; --            ; --          ; --         ;
; MISC_FILE                           ; ALU/adderCarry_bb.v                    ; --            ; --          ; --         ;
; MISC_FILE                           ; ALU/mux_1.bsf                          ; --            ; --          ; --         ;
; MISC_FILE                           ; ALU/mux_1_bb.v                         ; --            ; --          ; --         ;
; MISC_FILE                           ; PIPELINE/COMPARE_UC2.bsf               ; --            ; --          ; --         ;
; MISC_FILE                           ; PIPELINE/COMPARE_UC2_bb.v              ; --            ; --          ; --         ;
; MISC_FILE                           ; IFU/ROM_programa.bsf                   ; --            ; --          ; --         ;
; MISC_FILE                           ; IFU/ROM_programa_bb.v                  ; --            ; --          ; --         ;
; MISC_FILE                           ; RAM.bsf                                ; --            ; --          ; --         ;
; MISC_FILE                           ; RAM_bb.v                               ; --            ; --          ; --         ;
; NOMINAL_CORE_SUPPLY_VOLTAGE         ; 1.2V                                   ; --            ; --          ; --         ;
; PARTITION_COLOR                     ; -- (Not supported for targeted family) ; --            ; main        ; Top        ;
; PARTITION_FITTER_PRESERVATION_LEVEL ; -- (Not supported for targeted family) ; --            ; main        ; Top        ;
; PARTITION_NETLIST_TYPE              ; -- (Not supported for targeted family) ; --            ; main        ; Top        ;
; POWER_BOARD_THERMAL_MODEL           ; None (CONSERVATIVE)                    ; --            ; --          ; --         ;
; POWER_PRESET_COOLING_SOLUTION       ; 23 MM HEAT SINK WITH 200 LFPM AIRFLOW  ; --            ; --          ; --         ;
; PROJECT_OUTPUT_DIRECTORY            ; output_files                           ; --            ; --          ; --         ;
; TOP_LEVEL_ENTITY                    ; main                                   ; TP2           ; --          ; --         ;
+-------------------------------------+----------------------------------------+---------------+-------------+------------+


+--------------------------------------------------------------------------------------------------------------------------+
; Flow Elapsed Time                                                                                                        ;
+----------------------+--------------+-------------------------+---------------------+------------------------------------+
; Module Name          ; Elapsed Time ; Average Processors Used ; Peak Virtual Memory ; Total CPU Time (on all processors) ;
+----------------------+--------------+-------------------------+---------------------+------------------------------------+
; Analysis & Synthesis ; 00:00:31     ; 1.0                     ; 725 MB              ; 00:00:54                           ;
; EDA Netlist Writer   ; 00:00:01     ; 1.0                     ; 500 MB              ; 00:00:01                           ;
; EDA Netlist Writer   ; 00:00:02     ; 1.0                     ; 508 MB              ; 00:00:02                           ;
; Total                ; 00:00:34     ; --                      ; --                  ; 00:00:57                           ;
+----------------------+--------------+-------------------------+---------------------+------------------------------------+


+-------------------------------------------------------------------------------------+
; Flow OS Summary                                                                     ;
+----------------------+------------------+-------------+------------+----------------+
; Module Name          ; Machine Hostname ; OS Name     ; OS Version ; Processor type ;
+----------------------+------------------+-------------+------------+----------------+
; Analysis & Synthesis ; Ramita           ; Windows 8.1 ; 6.3        ; x86_64         ;
; EDA Netlist Writer   ; Ramita           ; Windows 8.1 ; 6.3        ; x86_64         ;
; EDA Netlist Writer   ; Ramita           ; Windows 8.1 ; 6.3        ; x86_64         ;
+----------------------+------------------+-------------+------------+----------------+


------------
; Flow Log ;
------------
quartus_map --read_settings_files=on --write_settings_files=off TP2 -c TP2
quartus_eda --gen_testbench --tool=modelsim_oem --format=verilog --write_settings_files=off TP2 -c TP2 --vector_source=C:/Users/Rama/Desktop/TP2/Waveform6.vwf --testbench_file=C:/Users/Rama/Desktop/TP2/simulation/qsim/Waveform6.vwf.vt
quartus_eda --write_settings_files=off --simulation=on --functional=on --flatten_buses=off --tool=modelsim_oem --format=verilog --output_directory=C:/Users/Rama/Desktop/TP2/simulation/qsim/ TP2 -c TP2



